
*** src/json.rs:70:9: replace CidrPattern::parse -> Option<Self> with Some(Default::default())

*** mutation diff:
--- src/json.rs
+++ replace CidrPattern::parse -> Option<Self> with Some(Default::default())
@@ -62,51 +62,17 @@
 pub enum CidrPattern {
     V4 { network: [u8; 4], prefix_len: u8 },
     V6 { network: [u8; 16], prefix_len: u8 },
 }
 
 impl CidrPattern {
     /// Parse a CIDR notation string (e.g., "10.0.0.0/24" or "2001:db8::/32")
     pub fn parse(s: &str) -> Option<Self> {
-        let (addr_str, prefix_str) = s.split_once('/')?;
-        let prefix_len: u8 = prefix_str.parse().ok()?;
-
-        // Try IPv4 first
-        if let Some(addr) = Self::parse_ipv4(addr_str) {
-            if prefix_len > 32 {
-                return None;
-            }
-            // Apply mask to get network address
-            let mask = if prefix_len == 0 {
-                0u32
-            } else {
-                !0u32 << (32 - prefix_len)
-            };
-            let network_bits = u32::from_be_bytes(addr) & mask;
-            return Some(Self::V4 {
-                network: network_bits.to_be_bytes(),
-                prefix_len,
-            });
-        }
-
-        // Try IPv6
-        if let Some(addr) = Self::parse_ipv6(addr_str) {
-            if prefix_len > 128 {
-                return None;
-            }
-            // Apply mask to get network address
-            let network = Self::apply_ipv6_mask(&addr, prefix_len);
-            return Some(Self::V6 {
-                network,
-                prefix_len,
-            });
-        }
-
-        None
+        Some(Default::default()) /* ~ changed by cargo-mutants ~ */
     }
 
     /// Parse an IPv4 address string
     fn parse_ipv4(s: &str) -> Option<[u8; 4]> {
         let parts: Vec<&str> = s.split('.').collect();
         if parts.len() != 4 {
             return None;
         }


*** /Users/rishibaldawa/.rustup/toolchains/stable-aarch64-apple-darwin/bin/cargo test --no-run --profile=mutants --verbose --package=quamina@0.4.3
       Fresh cfg-if v1.0.4
       Fresh unicode-ident v1.0.22
       Fresh memchr v2.7.6
       Fresh autocfg v1.5.0
       Fresh shlex v1.3.0
       Fresh find-msvc-tools v0.1.9
       Fresh proc-macro2 v1.0.105
       Fresh cc v1.2.55
       Fresh simd-adler32 v0.3.8
       Fresh itoa v1.0.17
       Fresh quote v1.0.43
       Fresh libc v0.2.180
       Fresh serde_core v1.0.228
       Fresh crossbeam-utils v0.8.21
       Fresh zmij v1.0.15
       Fresh either v1.15.0
       Fresh smallvec v1.15.1
       Fresh scopeguard v1.2.0
       Fresh adler2 v2.0.1
       Fresh syn v2.0.114
       Fresh crossbeam-epoch v0.9.18
       Fresh serde_json v1.0.149
       Fresh parking_lot_core v0.9.12
       Fresh miniz_oxide v0.8.9
       Fresh lock_api v0.4.14
       Fresh aho-corasick v1.1.4
       Fresh regex-syntax v0.8.8
       Fresh anstyle v1.0.13
       Fresh plotters-backend v0.3.7
       Fresh ciborium-io v0.2.2
       Fresh serde_derive v1.0.228
       Fresh zerocopy-derive v0.8.33
       Fresh crossbeam-deque v0.8.6
       Fresh clap_lex v0.7.7
       Fresh gimli v0.32.3
       Fresh rand_core v0.10.0
       Fresh plotters-svg v0.3.7
       Fresh parking_lot v0.12.5
       Fresh rustversion v1.0.22
       Fresh regex-automata v0.4.13
       Fresh object v0.37.3
       Fresh num-traits v0.2.19
       Fresh serde v1.0.228
       Fresh zerocopy v0.8.33
       Fresh rayon-core v1.13.0
       Fresh clap_builder v4.5.54
       Fresh addr2line v0.25.1
       Fresh itertools v0.13.0
       Fresh same-file v1.0.6
       Fresh cast v0.3.0
       Fresh rustc-demangle v0.1.27
       Fresh arc-swap v1.8.0
       Fresh getrandom v0.4.1
       Fresh regex v1.12.2
       Fresh crc32fast v1.5.0
       Fresh plotters v0.3.7
       Fresh half v2.7.1
       Fresh backtrace v0.3.76
       Fresh tinytemplate v1.2.1
       Fresh clap v4.5.54
       Fresh criterion-plot v0.8.1
       Fresh rayon v1.11.0
       Fresh walkdir v2.5.0
       Fresh chacha20 v0.10.0
       Fresh alloca v0.4.0
       Fresh page_size v0.6.0
       Fresh thousands v0.2.0
       Fresh fast-float2 v0.2.3
       Fresh rustc-hash v1.1.0
       Fresh lazy_static v1.5.0
       Fresh ciborium-ll v0.2.2
       Fresh mintex v0.1.4
       Fresh oorandom v11.1.5
       Fresh rustc-hash v2.1.1
       Fresh anes v0.1.6
       Fresh rand v0.10.0
       Fresh cargo-husky v1.5.0
       Fresh flate2 v1.1.8
       Fresh ciborium v0.2.2
       Fresh dhat v0.3.3
       Dirty quamina v0.4.3 (/private/var/folders/zq/scmzs54x2md07_wwgys92v840000gn/T/cargo-mutants-quamina-rs-u3NVND.tmp): the file `src/json.rs` has changed (1773790427.225249762s, 10s after last build at 1773790417.861876527s)
   Compiling quamina v0.4.3 (/private/var/folders/zq/scmzs54x2md07_wwgys92v840000gn/T/cargo-mutants-quamina-rs-u3NVND.tmp)
       Fresh criterion v0.8.1
     Running `/Users/rishibaldawa/.rustup/toolchains/stable-aarch64-apple-darwin/bin/rustc --crate-name quamina --edition=2021 src/lib.rs --error-format=json --json=diagnostic-rendered-ansi,artifacts,future-incompat --emit=dep-info,link -C embed-bitcode=no '--warn=clippy::perf' '--warn=clippy::use_self' '--warn=clippy::unused_peekable' --warn=unsafe_code --warn=unexpected_cfgs '--warn=clippy::undocumented_unsafe_blocks' '--warn=clippy::transmute_ptr_to_ptr' '--warn=clippy::redundant_clone' '--warn=clippy::or_fun_call' '--warn=clippy::equatable_if_let' '--warn=clippy::derive_partial_eq_without_eq' '--warn=clippy::branches_sharing_code' --check-cfg 'cfg(kani)' --test --check-cfg 'cfg(docsrs,test)' --check-cfg 'cfg(feature, values("dhat-heap"))' -C metadata=8daadff97ac78112 -C extra-filename=-137b7d067facf300 --out-dir /private/var/folders/zq/scmzs54x2md07_wwgys92v840000gn/T/cargo-mutants-quamina-rs-u3NVND.tmp/target/mutants/deps -C incremental=/private/var/folders/zq/scmzs54x2md07_wwgys92v840000gn/T/cargo-mutants-quamina-rs-u3NVND.tmp/target/mutants/incremental -C strip=debuginfo -L dependency=/private/var/folders/zq/scmzs54x2md07_wwgys92v840000gn/T/cargo-mutants-quamina-rs-u3NVND.tmp/target/mutants/deps --extern arc_swap=/private/var/folders/zq/scmzs54x2md07_wwgys92v840000gn/T/cargo-mutants-quamina-rs-u3NVND.tmp/target/mutants/deps/libarc_swap-8dc94c7baf7d6503.rlib --extern cargo_husky=/private/var/folders/zq/scmzs54x2md07_wwgys92v840000gn/T/cargo-mutants-quamina-rs-u3NVND.tmp/target/mutants/deps/libcargo_husky-959d622cb0e854bd.rlib --extern criterion=/private/var/folders/zq/scmzs54x2md07_wwgys92v840000gn/T/cargo-mutants-quamina-rs-u3NVND.tmp/target/mutants/deps/libcriterion-5d01252276bfc921.rlib --extern dhat=/private/var/folders/zq/scmzs54x2md07_wwgys92v840000gn/T/cargo-mutants-quamina-rs-u3NVND.tmp/target/mutants/deps/libdhat-be327f7d283e6040.rlib --extern fast_float2=/private/var/folders/zq/scmzs54x2md07_wwgys92v840000gn/T/cargo-mutants-quamina-rs-u3NVND.tmp/target/mutants/deps/libfast_float2-ab4bcc5370fb9d9d.rlib --extern flate2=/private/var/folders/zq/scmzs54x2md07_wwgys92v840000gn/T/cargo-mutants-quamina-rs-u3NVND.tmp/target/mutants/deps/libflate2-770fd3ea371cf479.rlib --extern memchr=/private/var/folders/zq/scmzs54x2md07_wwgys92v840000gn/T/cargo-mutants-quamina-rs-u3NVND.tmp/target/mutants/deps/libmemchr-fad7cfa0ce919f3e.rlib --extern parking_lot=/private/var/folders/zq/scmzs54x2md07_wwgys92v840000gn/T/cargo-mutants-quamina-rs-u3NVND.tmp/target/mutants/deps/libparking_lot-ea040230acb2cfe8.rlib --extern rand=/private/var/folders/zq/scmzs54x2md07_wwgys92v840000gn/T/cargo-mutants-quamina-rs-u3NVND.tmp/target/mutants/deps/librand-d62286a2584f1923.rlib --extern regex=/private/var/folders/zq/scmzs54x2md07_wwgys92v840000gn/T/cargo-mutants-quamina-rs-u3NVND.tmp/target/mutants/deps/libregex-143ef4a17e2e5f75.rlib --extern rustc_hash=/private/var/folders/zq/scmzs54x2md07_wwgys92v840000gn/T/cargo-mutants-quamina-rs-u3NVND.tmp/target/mutants/deps/librustc_hash-475025c22853c846.rlib --extern smallvec=/private/var/folders/zq/scmzs54x2md07_wwgys92v840000gn/T/cargo-mutants-quamina-rs-u3NVND.tmp/target/mutants/deps/libsmallvec-aef4c19c0cf1c118.rlib -L native=/private/var/folders/zq/scmzs54x2md07_wwgys92v840000gn/T/cargo-mutants-quamina-rs-u3NVND.tmp/target/mutants/build/alloca-02cacc78a7329cb4/out`
     Running `/Users/rishibaldawa/.rustup/toolchains/stable-aarch64-apple-darwin/bin/rustc --crate-name quamina --edition=2021 src/lib.rs --error-format=json --json=diagnostic-rendered-ansi,artifacts,future-incompat --crate-type lib --emit=dep-info,metadata,link -C embed-bitcode=no '--warn=clippy::perf' '--warn=clippy::use_self' '--warn=clippy::unused_peekable' --warn=unsafe_code --warn=unexpected_cfgs '--warn=clippy::undocumented_unsafe_blocks' '--warn=clippy::transmute_ptr_to_ptr' '--warn=clippy::redundant_clone' '--warn=clippy::or_fun_call' '--warn=clippy::equatable_if_let' '--warn=clippy::derive_partial_eq_without_eq' '--warn=clippy::branches_sharing_code' --check-cfg 'cfg(kani)' --check-cfg 'cfg(docsrs,test)' --check-cfg 'cfg(feature, values("dhat-heap"))' -C metadata=7632b1bb87c843c6 -C extra-filename=-28509fa74a3a2eed --out-dir /private/var/folders/zq/scmzs54x2md07_wwgys92v840000gn/T/cargo-mutants-quamina-rs-u3NVND.tmp/target/mutants/deps -C incremental=/private/var/folders/zq/scmzs54x2md07_wwgys92v840000gn/T/cargo-mutants-quamina-rs-u3NVND.tmp/target/mutants/incremental -C strip=debuginfo -L dependency=/private/var/folders/zq/scmzs54x2md07_wwgys92v840000gn/T/cargo-mutants-quamina-rs-u3NVND.tmp/target/mutants/deps --extern arc_swap=/private/var/folders/zq/scmzs54x2md07_wwgys92v840000gn/T/cargo-mutants-quamina-rs-u3NVND.tmp/target/mutants/deps/libarc_swap-8dc94c7baf7d6503.rmeta --extern fast_float2=/private/var/folders/zq/scmzs54x2md07_wwgys92v840000gn/T/cargo-mutants-quamina-rs-u3NVND.tmp/target/mutants/deps/libfast_float2-ab4bcc5370fb9d9d.rmeta --extern memchr=/private/var/folders/zq/scmzs54x2md07_wwgys92v840000gn/T/cargo-mutants-quamina-rs-u3NVND.tmp/target/mutants/deps/libmemchr-fad7cfa0ce919f3e.rmeta --extern parking_lot=/private/var/folders/zq/scmzs54x2md07_wwgys92v840000gn/T/cargo-mutants-quamina-rs-u3NVND.tmp/target/mutants/deps/libparking_lot-ea040230acb2cfe8.rmeta --extern rustc_hash=/private/var/folders/zq/scmzs54x2md07_wwgys92v840000gn/T/cargo-mutants-quamina-rs-u3NVND.tmp/target/mutants/deps/librustc_hash-475025c22853c846.rmeta --extern smallvec=/private/var/folders/zq/scmzs54x2md07_wwgys92v840000gn/T/cargo-mutants-quamina-rs-u3NVND.tmp/target/mutants/deps/libsmallvec-aef4c19c0cf1c118.rmeta`
error[E0277]: the trait bound `CidrPattern: Default` is not satisfied
  --> src/json.rs:70:14
   |
70 |         Some(Default::default()) /* ~ changed by cargo-mutants ~ */
   |              ^^^^^^^^^^^^^^^^^^ unsatisfied trait bound
   |
help: the trait `Default` is not implemented for `CidrPattern`
  --> src/json.rs:62:1
   |
62 | pub enum CidrPattern {
   | ^^^^^^^^^^^^^^^^^^^^

For more information about this error, try `rustc --explain E0277`.
error: could not compile `quamina` (lib) due to 1 previous error

Caused by:
  process didn't exit successfully: `/Users/rishibaldawa/.rustup/toolchains/stable-aarch64-apple-darwin/bin/rustc --crate-name quamina --edition=2021 src/lib.rs --error-format=json --json=diagnostic-rendered-ansi,artifacts,future-incompat --crate-type lib --emit=dep-info,metadata,link -C embed-bitcode=no '--warn=clippy::perf' '--warn=clippy::use_self' '--warn=clippy::unused_peekable' --warn=unsafe_code --warn=unexpected_cfgs '--warn=clippy::undocumented_unsafe_blocks' '--warn=clippy::transmute_ptr_to_ptr' '--warn=clippy::redundant_clone' '--warn=clippy::or_fun_call' '--warn=clippy::equatable_if_let' '--warn=clippy::derive_partial_eq_without_eq' '--warn=clippy::branches_sharing_code' --check-cfg 'cfg(kani)' --check-cfg 'cfg(docsrs,test)' --check-cfg 'cfg(feature, values("dhat-heap"))' -C metadata=7632b1bb87c843c6 -C extra-filename=-28509fa74a3a2eed --out-dir /private/var/folders/zq/scmzs54x2md07_wwgys92v840000gn/T/cargo-mutants-quamina-rs-u3NVND.tmp/target/mutants/deps -C incremental=/private/var/folders/zq/scmzs54x2md07_wwgys92v840000gn/T/cargo-mutants-quamina-rs-u3NVND.tmp/target/mutants/incremental -C strip=debuginfo -L dependency=/private/var/folders/zq/scmzs54x2md07_wwgys92v840000gn/T/cargo-mutants-quamina-rs-u3NVND.tmp/target/mutants/deps --extern arc_swap=/private/var/folders/zq/scmzs54x2md07_wwgys92v840000gn/T/cargo-mutants-quamina-rs-u3NVND.tmp/target/mutants/deps/libarc_swap-8dc94c7baf7d6503.rmeta --extern fast_float2=/private/var/folders/zq/scmzs54x2md07_wwgys92v840000gn/T/cargo-mutants-quamina-rs-u3NVND.tmp/target/mutants/deps/libfast_float2-ab4bcc5370fb9d9d.rmeta --extern memchr=/private/var/folders/zq/scmzs54x2md07_wwgys92v840000gn/T/cargo-mutants-quamina-rs-u3NVND.tmp/target/mutants/deps/libmemchr-fad7cfa0ce919f3e.rmeta --extern parking_lot=/private/var/folders/zq/scmzs54x2md07_wwgys92v840000gn/T/cargo-mutants-quamina-rs-u3NVND.tmp/target/mutants/deps/libparking_lot-ea040230acb2cfe8.rmeta --extern rustc_hash=/private/var/folders/zq/scmzs54x2md07_wwgys92v840000gn/T/cargo-mutants-quamina-rs-u3NVND.tmp/target/mutants/deps/librustc_hash-475025c22853c846.rmeta --extern smallvec=/private/var/folders/zq/scmzs54x2md07_wwgys92v840000gn/T/cargo-mutants-quamina-rs-u3NVND.tmp/target/mutants/deps/libsmallvec-aef4c19c0cf1c118.rmeta` (exit status: 1)
warning: build failed, waiting for other jobs to finish...
error: could not compile `quamina` (lib test) due to 1 previous error

Caused by:
  process didn't exit successfully: `/Users/rishibaldawa/.rustup/toolchains/stable-aarch64-apple-darwin/bin/rustc --crate-name quamina --edition=2021 src/lib.rs --error-format=json --json=diagnostic-rendered-ansi,artifacts,future-incompat --emit=dep-info,link -C embed-bitcode=no '--warn=clippy::perf' '--warn=clippy::use_self' '--warn=clippy::unused_peekable' --warn=unsafe_code --warn=unexpected_cfgs '--warn=clippy::undocumented_unsafe_blocks' '--warn=clippy::transmute_ptr_to_ptr' '--warn=clippy::redundant_clone' '--warn=clippy::or_fun_call' '--warn=clippy::equatable_if_let' '--warn=clippy::derive_partial_eq_without_eq' '--warn=clippy::branches_sharing_code' --check-cfg 'cfg(kani)' --test --check-cfg 'cfg(docsrs,test)' --check-cfg 'cfg(feature, values("dhat-heap"))' -C metadata=8daadff97ac78112 -C extra-filename=-137b7d067facf300 --out-dir /private/var/folders/zq/scmzs54x2md07_wwgys92v840000gn/T/cargo-mutants-quamina-rs-u3NVND.tmp/target/mutants/deps -C incremental=/private/var/folders/zq/scmzs54x2md07_wwgys92v840000gn/T/cargo-mutants-quamina-rs-u3NVND.tmp/target/mutants/incremental -C strip=debuginfo -L dependency=/private/var/folders/zq/scmzs54x2md07_wwgys92v840000gn/T/cargo-mutants-quamina-rs-u3NVND.tmp/target/mutants/deps --extern arc_swap=/private/var/folders/zq/scmzs54x2md07_wwgys92v840000gn/T/cargo-mutants-quamina-rs-u3NVND.tmp/target/mutants/deps/libarc_swap-8dc94c7baf7d6503.rlib --extern cargo_husky=/private/var/folders/zq/scmzs54x2md07_wwgys92v840000gn/T/cargo-mutants-quamina-rs-u3NVND.tmp/target/mutants/deps/libcargo_husky-959d622cb0e854bd.rlib --extern criterion=/private/var/folders/zq/scmzs54x2md07_wwgys92v840000gn/T/cargo-mutants-quamina-rs-u3NVND.tmp/target/mutants/deps/libcriterion-5d01252276bfc921.rlib --extern dhat=/private/var/folders/zq/scmzs54x2md07_wwgys92v840000gn/T/cargo-mutants-quamina-rs-u3NVND.tmp/target/mutants/deps/libdhat-be327f7d283e6040.rlib --extern fast_float2=/private/var/folders/zq/scmzs54x2md07_wwgys92v840000gn/T/cargo-mutants-quamina-rs-u3NVND.tmp/target/mutants/deps/libfast_float2-ab4bcc5370fb9d9d.rlib --extern flate2=/private/var/folders/zq/scmzs54x2md07_wwgys92v840000gn/T/cargo-mutants-quamina-rs-u3NVND.tmp/target/mutants/deps/libflate2-770fd3ea371cf479.rlib --extern memchr=/private/var/folders/zq/scmzs54x2md07_wwgys92v840000gn/T/cargo-mutants-quamina-rs-u3NVND.tmp/target/mutants/deps/libmemchr-fad7cfa0ce919f3e.rlib --extern parking_lot=/private/var/folders/zq/scmzs54x2md07_wwgys92v840000gn/T/cargo-mutants-quamina-rs-u3NVND.tmp/target/mutants/deps/libparking_lot-ea040230acb2cfe8.rlib --extern rand=/private/var/folders/zq/scmzs54x2md07_wwgys92v840000gn/T/cargo-mutants-quamina-rs-u3NVND.tmp/target/mutants/deps/librand-d62286a2584f1923.rlib --extern regex=/private/var/folders/zq/scmzs54x2md07_wwgys92v840000gn/T/cargo-mutants-quamina-rs-u3NVND.tmp/target/mutants/deps/libregex-143ef4a17e2e5f75.rlib --extern rustc_hash=/private/var/folders/zq/scmzs54x2md07_wwgys92v840000gn/T/cargo-mutants-quamina-rs-u3NVND.tmp/target/mutants/deps/librustc_hash-475025c22853c846.rlib --extern smallvec=/private/var/folders/zq/scmzs54x2md07_wwgys92v840000gn/T/cargo-mutants-quamina-rs-u3NVND.tmp/target/mutants/deps/libsmallvec-aef4c19c0cf1c118.rlib -L native=/private/var/folders/zq/scmzs54x2md07_wwgys92v840000gn/T/cargo-mutants-quamina-rs-u3NVND.tmp/target/mutants/build/alloca-02cacc78a7329cb4/out` (exit status: 1)

*** result: Failure(101)
